[2022-03-13 13:34:53.649] [jointLog] [info] setting maxHashResizeThreads to 2
[2022-03-13 13:34:53.649] [jointLog] [info] Fragment incompatibility prior below threshold.  Incompatible fragments will be ignored.
[2022-03-13 13:34:53.649] [jointLog] [info] numQuantThreads = 2
[2022-03-13 13:35:00.501] [fileLog] [info] quantification processed 0 fragments so far

[2022-03-13 13:35:00.382] [jointLog] [info] replaced 0 non-ACGT nucleotides with random nucleotides
[2022-03-13 13:35:23.881] [fileLog] [info] quantification processed 1000000 fragments so far

[2022-03-13 13:35:48.472] [fileLog] [info] quantification processed 2000000 fragments so far

[2022-03-13 13:35:58.483] [fileLog] [info] quantification processed 3000000 fragments so far

[2022-03-13 13:36:09.500] [fileLog] [info] quantification processed 4000000 fragments so far

[2022-03-13 13:36:33.670] [fileLog] [info] quantification processed 5000000 fragments so far

[2022-03-13 13:36:43.930] [fileLog] [info] quantification processed 6000000 fragments so far

[2022-03-13 13:37:00.525] [fileLog] [info] quantification processed 7000000 fragments so far

[2022-03-13 13:37:12.411] [fileLog] [info] quantification processed 8000000 fragments so far

[2022-03-13 13:37:21.529] [fileLog] [info] quantification processed 9000000 fragments so far

[2022-03-13 13:37:29.377] [fileLog] [info] quantification processed 10000000 fragments so far

[2022-03-13 13:37:40.134] [fileLog] [info] quantification processed 11000000 fragments so far

[2022-03-13 13:37:56.153] [fileLog] [info] quantification processed 12000000 fragments so far

[2022-03-13 13:38:06.807] [fileLog] [info] quantification processed 13000000 fragments so far

[2022-03-13 13:38:18.244] [fileLog] [info] quantification processed 14000000 fragments so far

[2022-03-13 13:38:27.283] [fileLog] [info] quantification processed 15000000 fragments so far

[2022-03-13 13:38:44.526] [fileLog] [info] quantification processed 16000000 fragments so far

[2022-03-13 13:39:09.572] [fileLog] [info] quantification processed 17000000 fragments so far

[2022-03-13 13:39:29.834] [fileLog] [info] quantification processed 18000000 fragments so far

[2022-03-13 13:39:48.748] [fileLog] [info] quantification processed 19000000 fragments so far

[2022-03-13 13:40:04.117] [fileLog] [info] quantification processed 20000000 fragments so far

[2022-03-13 13:40:20.082] [fileLog] [info] quantification processed 21000000 fragments so far

[2022-03-13 13:40:52.041] [fileLog] [info] quantification processed 22000000 fragments so far

[2022-03-13 13:41:27.645] [fileLog] [info] quantification processed 23000000 fragments so far

[2022-03-13 13:41:41.432] [fileLog] [info] quantification processed 24000000 fragments so far

[2022-03-13 13:41:53.284] [fileLog] [info] quantification processed 25000000 fragments so far

[2022-03-13 13:42:06.832] [fileLog] [info] quantification processed 26000000 fragments so far

[2022-03-13 13:42:19.235] [fileLog] [info] quantification processed 27000000 fragments so far

[2022-03-13 13:42:34.686] [fileLog] [info] quantification processed 28000000 fragments so far

[2022-03-13 13:42:49.156] [fileLog] [info] quantification processed 29000000 fragments so far

[2022-03-13 13:42:56.692] [fileLog] [info] quantification processed 30000000 fragments so far

[2022-03-13 13:43:12.383] [fileLog] [info] quantification processed 31000000 fragments so far

[2022-03-13 13:43:29.038] [fileLog] [info] quantification processed 32000000 fragments so far

[2022-03-13 13:44:02.630] [fileLog] [info] quantification processed 33000000 fragments so far

[2022-03-13 13:44:24.811] [jointLog] [info] Thread saw mini-batch with a maximum of 3.50% zero probability fragments
[2022-03-13 13:44:24.813] [jointLog] [info] Thread saw mini-batch with a maximum of 3.50% zero probability fragments
[2022-03-13 13:44:24.813] [jointLog] [info] 


Completed first pass through the alignment file.
Total # of mapped reads : 33984558
# of uniquely mapped reads : 11783813
# ambiguously mapped reads : 22200745



[2022-03-13 13:44:24.881] [jointLog] [info] Computed 247281 rich equivalence classes for further processing
[2022-03-13 13:44:24.881] [jointLog] [info] Counted 33481907 total reads in the equivalence classes 
[2022-03-13 13:44:24.881] [jointLog] [info] starting optimizer
[2022-03-13 13:44:24.973] [jointLog] [info] Marked 0 weighted equivalence classes as degenerate
[2022-03-13 13:44:24.997] [jointLog] [info] iteration = 0 | max rel diff. = 7551.37
[2022-03-13 13:44:24.749] [fileLog] [info] quantification processed 33984558 fragments so far

[2022-03-13 13:44:27.099] [jointLog] [info] iteration = 100 | max rel diff. = 19.8177
[2022-03-13 13:44:29.197] [jointLog] [info] iteration = 200 | max rel diff. = 13.255
[2022-03-13 13:44:31.303] [jointLog] [info] iteration = 300 | max rel diff. = 9.20448
[2022-03-13 13:44:33.410] [jointLog] [info] iteration = 400 | max rel diff. = 12.9384
[2022-03-13 13:44:35.512] [jointLog] [info] iteration = 500 | max rel diff. = 0.088161
[2022-03-13 13:44:37.627] [jointLog] [info] iteration = 600 | max rel diff. = 0.467703
[2022-03-13 13:44:39.739] [jointLog] [info] iteration = 700 | max rel diff. = 0.0559709
[2022-03-13 13:44:41.853] [jointLog] [info] iteration = 800 | max rel diff. = 0.156568
[2022-03-13 13:44:43.970] [jointLog] [info] iteration = 900 | max rel diff. = 0.71864
[2022-03-13 13:44:46.084] [jointLog] [info] iteration = 1000 | max rel diff. = 2.08324
[2022-03-13 13:44:48.178] [jointLog] [info] iteration = 1100 | max rel diff. = 1.25995
[2022-03-13 13:44:50.282] [jointLog] [info] iteration = 1200 | max rel diff. = 0.887889
[2022-03-13 13:44:52.390] [jointLog] [info] iteration = 1300 | max rel diff. = 0.0282883
[2022-03-13 13:44:54.506] [jointLog] [info] iteration = 1400 | max rel diff. = 1.00018
[2022-03-13 13:44:56.629] [jointLog] [info] iteration = 1500 | max rel diff. = 0.0671166
[2022-03-13 13:44:58.736] [jointLog] [info] iteration = 1600 | max rel diff. = 0.114001
[2022-03-13 13:45:00.112] [jointLog] [info] iteration = 1666 | max rel diff. = 0.0085615
[2022-03-13 13:45:00.137] [jointLog] [info] finished optimizer
[2022-03-13 13:45:00.137] [jointLog] [info] writing output
[2022-03-13 13:45:00.932] [jointLog] [info] Computing gene-level abundance estimates
[2022-03-13 13:45:45.154] [jointLog] [info] There were 142435 transcripts mapping to 55414 genes
[2022-03-13 13:45:45.154] [jointLog] [info] NOTE: We recommend using tximport (https://bioconductor.org/packages/release/bioc/html/tximport.html) for aggregating transcript-level salmon abundance estimates to the gene level.  It is more versatile, exposes more features, and allows considering multi-sample information during aggregation.
[2022-03-13 13:45:45.664] [jointLog] [info] Aggregating expressions to gene level
[2022-03-13 13:45:45.803] [jointLog] [info] done
